// Jest Snapshot v1, https://goo.gl/fbAQLP

exports[`renders snapshot 1 1`] = `
<div>
  <div
    className="footer"
    data-testid="footer"
  >
    <div
      className="container m-auto p-6 md:px-10 lg:px-24 "
    >
      <div
        className="  mb-8 p-2 w-full flex flex-wrap  "
      >
        <div
          className=" w-full md:w-1/2 lg:w-1/2 px-12 "
        >
          <h1
            className="text-white text-xl font-medium"
          >
            About us
          </h1>
          <p
            className="text-white"
          >
             Our website is a service that connects lost people with anyone who is looking for them. We have two scenarios on our website of loss, the first type is a lost person and the other type is people who are found but missing their relatives or anyone that takes care of them.
          </p>
        </div>
        <div
          className="   w-full md:w-1/2 lg:w-1/2 px-12 mt-4  md:mt-0"
        >
          <h3
            className="text-white"
          >
            links
          </h3>
          <div
            className="flex pl-2"
          >
            <div
              className="links  pr-10 "
            >
              <a
                className="block text-white text-base hover:opacity-75 underline"
                href="/"
                onClick={[Function]}
              >
                Home
              </a>
              <a
                className="block text-white text-base hover:opacity-75 underline"
                href="/Missingpeople"
                onClick={[Function]}
              >
                Missingpeople
              </a>
              <a
                className="block text-white text-base hover:opacity-75 underline"
                href="/About"
                onClick={[Function]}
              >
                About
              </a>
            </div>
            <div
              className="links  "
            >
              <a
                className="block text-white text-base hover:opacity-75 underline"
                href="/Search"
                onClick={[Function]}
              >
                Search
              </a>
              <a
                className="block text-white text-base hover:opacity-75 underline"
                href="/Post"
                onClick={[Function]}
              >
                Post
              </a>
              <a
                className="block text-white text-base hover:opacity-75 underline"
                href="/PrivacyPolicy"
                onClick={[Function]}
              >
                Privacy Policy
              </a>
            </div>
          </div>
        </div>
      </div>
      <div
        className=" mb-8 p-2 w-full flex flex-wrap mt-4 "
      >
        <div
          className=" w-full md:w-1/2 lg:w-1/2 px-12 text-white"
        >
          <a
            href="mailto:findme67@gmail.com"
          >
            <img
              alt="email"
              className="icon mr-5 md:mr-5 hover:opacity-75 "
              src="envelope.svg"
            />
          </a>
          findme67@gmail.com
        </div>
        <div
          className=" w-full  mt-4 md:w-1/2 md:mt-0 lg:w-1/2 px-12 pr-0  "
        >
          <p
            className="text-white uppercase	"
          >
              
            <span
              className="mr mr-3 md:mr-5"
            >
              follow us : 
            </span>
            <a
              href="#"
            >
              <img
                alt="facebook"
                className="icon mr-5 md:mr-5 hover:opacity-75 "
                src="facebook.svg"
              />
            </a>
            <a
              href="#"
            >
              <img
                alt="twitter"
                className="icon mr-5 md:mr-5 hover:opacity-75 "
                src="twitter.svg"
              />
            </a>
            <a
              href="#"
            >
              <img
                alt="instagram"
                className="icon mr-5 md:mr-5 hover:opacity-75 "
                src="instagram.svg"
              />
            </a>
          </p>
        </div>
      </div>
      <div
        className="  text-white p-3 text-center border-t-solid border-t border-t-gray-600"
      >
        <p>
          Desiged by Recoded Â©2020 Alright are reseved to findme 
        </p>
      </div>
    </div>
  </div>
</div>
`;
